LISTING FOR LOGIC DESCRIPTION FILE: ShadowPlus.pld                   Page 1

CUPL(WM): Universal Compiler for Programmable Logic
Version 5.0a Serial# MW-10400000
Copyright (c) 1983, 1998 Logical Devices, Inc.
Created Wed Dec 10 11:57:42 2025

  1:Name     ShadowPlus ;
  2:PartNo   ATF22V10C ;
  3:Date     2025/12/10 ;
  4:Revision 2 ;
  5:Designer Frederic Segard ;
  6:Company  MicroHobbyist ;
  7:Assembly None ;
  8:Location None ;
  9:Device   g22v10 ;
 10:
 11:/* -------- Inputs -------- */
 12:PIN 1  =  ROMdis ;   /* ROM disable CS */
 13:PIN 2  =  E ;        /* E clock */
 14:PIN 3  =  RW ;       /* Read-Write line */
 15:PIN 4  = !RESET ;    /* Reset */
 16:PIN 5  = !MREQ ;     /* Memory Request, Active-low during memory cycle */
 17:/*  6  =  NC         /* Unused input tied to ground */
 18:/*  7  =  NC         /* Unused input tied to ground */
 19:/*  8  =  NC         /* Unused input tied to ground */
 20:/*  9  =  NC         /* Unused input tied to ground */
 21:/*  10 =  NC         /* Unused input tied to ground */
 22:PIN 11 =  S0 ;       /* Address bit 7 - MSB of I/O window */
 23:/*  12 =  GND ;      /* Ground connection */
 24:PIN 13 =  S1 ;       /* Current speed of CPU */
 25:
 26:/* -------- Outputs -------- */
 27:/*  24 =  VCC ;      /* +5V connection */
 28:PIN 23 = !RD ;       /* Read line */
 29:PIN 22 = !WR ;       /* Write line */
 30:PIN 21 = !ROMcs ;    /* ROM chip select */
 31:PIN 20 = !RAMoe ;    /* RAM output enable */
 32:PIN 19 =  ROMdisFF ; /* Flip-Flop used for ROM disable (NC) */
 33:/*  18 =  NC ;       /* Not connected */
 34:/*  17 =  NC ;       /* Not connected */
 35:PIN 16 =  RedLED ;   /* Red component of RGB LED*/
 36:PIN 15 =  GreenLED ; /* Green component of RGB LED*/
 37:PIN 14 =  BlueLED ;  /* Blue component of RGB LED*/
 38:
 39:/* =========================================================
 40:                 READ & WRITE LOGIC
 41:   ========================================================= */
 42:
 43:RD =  RW & E ;
 44:WR = !RW & E ;
 45:
 46:/* =========================================================
 47:                 SHADOW ROM LOGIC
 48:   ========================================================= */
 49:
 50:ROMdisFF.d  = 'b'1 ;
 51:ROMdisFF.ar = RESET ;
 52:ROMdisFF.sp = 'b'0 ;
 53:

LISTING FOR LOGIC DESCRIPTION FILE: ShadowPlus.pld                   Page 2

CUPL(WM): Universal Compiler for Programmable Logic
Version 5.0a Serial# MW-10400000
Copyright (c) 1983, 1998 Logical Devices, Inc.
Created Wed Dec 10 11:57:42 2025

 54:ROMcs = !MREQ #  ROMdisFF ;
 55:RAMoe = !RD   # !ROMdisFF ;
 56:
 57:/* =========================================================
 58:                 SPEED LED COLOR
 59:   ========================================================= */
 60:
 61:FIELD SPEED = [S1, S0] ;
 62:FIELD RGB   = [RedLED,GreenLED,BlueLED] ;
 63:TABLE SPEED => RGB {
 64:'b'00 => 'b'001 ;  /* Blue */
 65:'b'01 => 'b'010 ;  /* Green */
 66:'b'10 => 'b'110 ;  /* Yellow */
 67:'b'11 => 'b'100 ;  /* Red */
 68:}
 69:



Jedec Fuse Checksum       (7125)
Jedec Transmit Checksum   (89ec)
